gplink-0.14.2 #711 (Aug 21 2012)
Copyright (c) 1998-2012 gputils project
Listing File Generated: 12-19-2012  10:52:56
 
 
Address  Value    Disassembly              Source
-------  -----    -----------              ------
                                                   LIST
                                           ; P16F877.INC  Standard Header File, Version 1.00    Microchip Technology, Inc.
                                                   NOLIST
                                                   LIST
                                           ; P16F877.INC  Standard Header File, Version 1.00    Microchip Technology, Inc.
                                                   NOLIST
                                                   LIST
                                           ; P16F877.INC  Standard Header File, Version 1.00    Microchip Technology, Inc.
                                                   NOLIST
                                                   LIST
                                           ; P16F690.INC  Standard Header File, Version 1.00    Microchip Technology, Inc.
                                                   NOLIST
